2026-07-05 21:02:44 INFO  test.Create_Module_Users_Admin - ===== Test Execution Started =====
2026-07-05 21:03:00 INFO  test.Create_Module_Users_Admin - Successful browser Lounch
2026-07-05 21:04:00 INFO  test.Create_Module_Users_Admin - Close Browser
2026-07-05 21:04:01 INFO  test.GTCC_Super_Admin_Test - ===== Test Execution Started =====
2026-07-05 21:04:03 INFO  test.GTCC_Super_Admin_Test - Successful browser Lounch
2026-07-05 21:04:14 INFO  test.GTCC_Super_Admin_Test - Close Browser
2026-07-05 21:04:15 INFO  test.NSF_Module_User_Start_Registration - ===== Test Execution Started =====
2026-07-05 21:04:17 INFO  test.NSF_Module_User_Start_Registration - Successful browser Lounch
2026-07-05 21:04:35 INFO  test.NSF_Module_User_Start_Registration - Close Browser
2026-07-05 21:50:35 INFO  test.NSF_Module_User_Start_Registration - ===== Test Execution Started =====
2026-07-05 21:50:40 INFO  test.NSF_Module_User_Start_Registration - Successful browser Lounch
2026-07-05 21:51:53 INFO  test.NSF_Module_User_Start_Registration - ===== Test Execution Started =====
2026-07-05 21:51:55 INFO  test.NSF_Module_User_Start_Registration - Successful browser Lounch
2026-07-05 21:52:10 INFO  test.NSF_Module_User_Start_Registration - Close Browser
2026-07-05 21:52:18 INFO  test.NSF_Module_User_Start_Registration - Close Browser
2026-07-05 21:55:02 INFO  test.NSF_Module_User_Start_Registration - ===== Test Execution Started =====
2026-07-05 21:55:04 INFO  test.NSF_Module_User_Start_Registration - Successful browser Lounch
2026-07-05 21:56:22 INFO  test.NSF_Module_User_Start_Registration - Close Browser
2026-07-05 22:06:17 INFO  test.NSF_Module_User_Start_Registration - ===== Test Execution Started =====
2026-07-05 22:06:21 INFO  test.NSF_Module_User_Start_Registration - Successful browser Lounch
2026-07-05 22:07:03 INFO  test.NSF_Module_User_Start_Registration - Close Browser
2026-07-05 22:07:41 INFO  test.NSF_Module_User_Start_Registration - ===== Test Execution Started =====
2026-07-05 22:07:46 INFO  test.NSF_Module_User_Start_Registration - Successful browser Lounch
2026-07-05 22:08:36 INFO  test.NSF_Module_User_Start_Registration - Close Browser
